[1m============================= test session starts =============================[0m
platform win32 -- Python 3.12.9, pytest-9.0.1, pluggy-1.6.0 -- C:\Users\PC\AppData\Local\Programs\Python\Python312\python.exe
cachedir: .pytest_cache
rootdir: C:\projects\nexus-trading
configfile: pytest.ini
plugins: anyio-4.10.0, asyncio-1.3.0, cov-7.0.0, mock-3.15.1
asyncio: mode=Mode.AUTO, debug=False, asyncio_default_fixture_loop_scope=function, asyncio_default_test_loop_scope=function
[1mcollecting ... [0mcollected 0 items / 1 error

=================================== ERRORS ====================================
[31m[1m_________ ERROR collecting tests/strategies/test_ai_agent_strategy.py _________[0m
[31mImportError while importing test module 'C:\projects\nexus-trading\tests\strategies\test_ai_agent_strategy.py'.
Hint: make sure your test modules/packages have valid Python names.
Traceback:
C:\Users\PC\AppData\Local\Programs\Python\Python312\Lib\site-packages\_pytest\python.py:507: in importtestmodule
    mod = import_path(
C:\Users\PC\AppData\Local\Programs\Python\Python312\Lib\site-packages\_pytest\pathlib.py:587: in import_path
    importlib.import_module(module_name)
C:\Users\PC\AppData\Local\Programs\Python\Python312\Lib\importlib\__init__.py:90: in import_module
    return _bootstrap._gcd_import(name[level:], package, level)
           ^^^^^^^^^^^^^^^^^^^^^^^^^^^^^^^^^^^^^^^^^^^^^^^^^^^^
<frozen importlib._bootstrap>:1387: in _gcd_import
    ???
<frozen importlib._bootstrap>:1360: in _find_and_load
    ???
<frozen importlib._bootstrap>:1331: in _find_and_load_unlocked
    ???
<frozen importlib._bootstrap>:935: in _load_unlocked
    ???
C:\Users\PC\AppData\Local\Programs\Python\Python312\Lib\site-packages\_pytest\assertion\rewrite.py:197: in exec_module
    exec(co, module.__dict__)
tests\strategies\test_ai_agent_strategy.py:6: in <module>
    from src.strategies.swing.ai_agent_strategy import AIAgentStrategy
E   ModuleNotFoundError: No module named 'src'[0m
------------------------------- Captured stdout -------------------------------
A±adiendo src al sys.path: C:\projects\nexus-trading\src
[36m[1m=========================== short test summary info ===========================[0m
[31mERROR[0m tests/strategies/test_ai_agent_strategy.py
!!!!!!!!!!!!!!!!!!! Interrupted: 1 error during collection !!!!!!!!!!!!!!!!!!!!
[31m============================== [31m[1m1 error[0m[31m in 0.48s[0m[31m ===============================[0m
